// Jest Snapshot v1, https://goo.gl/fbAQLP

exports[`LoadingPage Renders properly 1`] = `
<div
  className="loading_page for_fade"
>
  <p
    className="loading_text"
  >
    Loading ...
  </p>
</div>
`;
